C51 COMPILER V9.60.7.0   DELAY                                                             12/29/2023 23:10:55 PAGE 1   


C51 COMPILER V9.60.7.0, COMPILATION OF MODULE DELAY
OBJECT MODULE PLACED IN .\Objects\delay.obj
COMPILER INVOKED BY: C:\Keil_v5\C51\BIN\C51.EXE delay.c OPTIMIZE(0,SPEED) BROWSE DEBUG OBJECTEXTEND PRINT(.\Listings\del
                    -ay.lst) TABS(2) OBJECT(.\Objects\delay.obj)

line level    source

   1          #include <REG51F380.H>
   2          #include "delay.h"
   3          
   4          void timer3_init_auto(int reload){
   5   1      
   6   1        TMR3CN = 0;
   7   1      
   8   1        #define B_T3MH 7  
   9   1      
  10   1        CKCON &= ~((1 << B_T3MH));
  11   1        
  12   1        TMR3H = (reload) >> 8;
  13   1        TMR3L = (reload);
  14   1      
  15   1        TMR3RLH = (reload) >> 8;
  16   1        TMR3RLL = (reload);
  17   1        
  18   1      }
  19          
  20          void timer2_init_auto(int reload){
  21   1      
  22   1        TMR2CN = 0;
  23   1      
  24   1        #define B_T2MH 5  
  25   1      
  26   1        CKCON &= ~((1 << B_T2MH));
  27   1        
  28   1        TMR2H = (reload) >> 8;
  29   1        TMR2L = (reload);
  30   1      
  31   1        TMR2RLH = (reload) >> 8;
  32   1        TMR2RLL = (reload);
  33   1        
  34   1      }
  35          
  36          void delay_s(unsigned char s) {
  37   1          unsigned char i = 0;
  38   1      
  39   1          while(i != (s*100)) {
  40   2              i++;
  41   2              while(!TF2H);
  42   2              TF2H = 0;
  43   2          }
  44   1      }


MODULE INFORMATION:   STATIC OVERLAYABLE
   CODE SIZE        =    107    ----
   CONSTANT SIZE    =   ----    ----
   XDATA SIZE       =   ----    ----
   PDATA SIZE       =   ----    ----
   DATA SIZE        =      6    ----
   IDATA SIZE       =   ----    ----
   BIT SIZE         =   ----    ----
C51 COMPILER V9.60.7.0   DELAY                                                             12/29/2023 23:10:55 PAGE 2   

END OF MODULE INFORMATION.


C51 COMPILATION COMPLETE.  0 WARNING(S),  0 ERROR(S)
