C51 COMPILER V9.60.7.0   RANDTH                                                            12/29/2023 16:41:26 PAGE 1   


C51 COMPILER V9.60.7.0, COMPILATION OF MODULE RANDTH
OBJECT MODULE PLACED IN .\Objects\randTH.obj
COMPILER INVOKED BY: C:\Keil_v5\C51\BIN\C51.EXE randTH.c OPTIMIZE(0,SPEED) BROWSE DEBUG OBJECTEXTEND PRINT(.\Listings\ra
                    -ndTH.lst) TABS(2) OBJECT(.\Objects\randTH.obj)

line level    source

   1          unsigned char temp[25] =  {22, 21, 25, 22, 25, 23, 28, 20, 25, 27, 22, 22, 28, 22, 29, 28, 27, 27, 26, 23,
             - 28, 22, 21, 27, 29};
   2          unsigned char hum[25] =   {63, 70, 60, 60, 68, 67, 66, 60, 67, 60, 63, 66, 67, 62, 69, 66, 64, 63, 70, 69, 
             -67, 65, 67, 62, 70};
   3          
   4          char randTemp() {
   5   1          static char i = 0; 
   6   1          char result = temp[i]; 
   7   1          i++; 
   8   1          if (i > 24) {
   9   2              i = 0;
  10   2          }
  11   1          return result;
  12   1      }
  13          
  14          char randHum() {
  15   1          static char j = 0; 
  16   1          char result = temp[j]; 
  17   1          j++; 
  18   1          if (j > 24) {
  19   2              j = 0;
  20   2          }
  21   1          return result;
  22   1      }


MODULE INFORMATION:   STATIC OVERLAYABLE
   CODE SIZE        =     54    ----
   CONSTANT SIZE    =   ----    ----
   XDATA SIZE       =   ----    ----
   PDATA SIZE       =   ----    ----
   DATA SIZE        =     54    ----
   IDATA SIZE       =   ----    ----
   BIT SIZE         =   ----    ----
END OF MODULE INFORMATION.


C51 COMPILATION COMPLETE.  0 WARNING(S),  0 ERROR(S)
